// Jest Snapshot v1, https://goo.gl/fbAQLP

exports[`Deudores Debe coincidir con el snapshot 1`] = `
<DocumentFragment>
  <nav
    class="custom-navbar navbar navbar-expand-lg navbar-light"
  >
    <div
      class="container-fluid"
    >
      <a
        class="custom-logo navbar-brand"
        href="/"
      >
        <img
          alt="Logo"
          class="img-fluid"
          height="73"
          src="/Logo_letras.png"
          width="213"
        />
      </a>
      <button
        aria-controls="basic-navbar-nav"
        aria-label="Toggle navigation"
        class="navbar-toggler collapsed"
        type="button"
      >
        <span
          class="navbar-toggler-icon"
        />
      </button>
      <div
        class="navbar-collapse collapse"
        id="basic-navbar-nav"
      >
        <div
          class="me-auto separation navbar-nav"
        >
          <div
            class="nav-item"
          >
            <a
              class="nav-link custom-links"
              href="/deudores"
            >
              Deudores
            </a>
          </div>
          <div
            class="nav-item"
          >
            <a
              class="nav-link custom-links"
              href="/crearcliente"
            >
              Crear Deudor
            </a>
          </div>
          <div
            class="nav-item"
          >
            <a
              class="nav-link custom-links"
              href="/consultarcliente"
            >
              Consultar Deudor
            </a>
          </div>
        </div>
        <div
          class="ms-auto navbar-nav"
        >
          <div
            class="nav-item"
          >
            <a
              class="button-empieza-landing btn btn-primary btn-lg"
              href="/perfilPrestamista"
              role="button"
              tabindex="0"
            >
              Jorge
            </a>
          </div>
        </div>
      </div>
    </div>
  </nav>
  <div
    class="container"
    style="display: grid; padding: 1rem;"
  >
    <h1
      style="text-align: left;"
    >
      Bienvenido, Jorge
    </h1>
    <h3>
      Este mes has ganado
    </h3>
    <h2
      style="color: rgb(0, 74, 172);"
    >
      $0
    </h2>
    <input
      class="form-control"
      placeholder="Buscar por nombre"
      style="margin-top: 20px;"
      type="text"
      value=""
    />
  </div>
  <div
    class="container"
  >
    <div
      class="row"
      style="padding: 50px;"
    />
  </div>
  <footer
    class=" text-center text-lg-start footer-color"
  >
    <div
      class="container p-4"
    >
      <img
        alt="Logo"
        class="img-fluid"
        height="73"
        src="/Logo_letras.png"
        style="padding-bottom: 4rem;"
        width="213"
      />
      <div
        class="row"
      >
        <div
          class="col-lg-4 col-md-12 mb-4 mb-md-0"
        >
          <h5
            class="text-uppercase"
          >
            Enlaces
          </h5>
          <ul
            class="list-unstyled mb-0"
          >
            <li
              class="nav-item"
            >
              <a
                class="nav-link custom-links"
                href="/soluciones"
              >
                Soluciones
              </a>
            </li>
            <li
              class="nav-item"
            >
              <a
                class="nav-link custom-links"
                href="/nosotros"
              >
                Nosotros
              </a>
            </li>
            <li
              class="nav-item"
            >
              <a
                class="nav-link custom-links"
                href="/Recursos"
              >
                Recursos
              </a>
            </li>
          </ul>
        </div>
        <div
          class="col-lg-4 col-md-12 mb-4 mb-md-0"
        >
          <h5
            class="text-uppercase"
          >
            Nosotros
          </h5>
          <ul
            class="list-unstyled mb-0"
          >
            <li
              class="nav-item"
            >
              <a
                class="nav-link custom-links"
                href="/historia"
              >
                La historia de prest
              </a>
            </li>
            <li
              class="nav-item"
            >
              <a
                class="nav-link custom-links"
                href="/grupo_trabajo"
              >
                Trabajadores de prest
              </a>
            </li>
          </ul>
        </div>
        <div
          class="col-lg-4 col-md-12 mb-4 mb-md-0"
        >
          <h5
            class="text-uppercase"
          >
            Redes Sociales
          </h5>
          <ul>
            <li
              class="nav-item"
            >
              <a
                class="nav-link custom-links"
                href="https://www.tiktok.com/es/"
              >
                TikTok
              </a>
            </li>
            <li
              class="nav-item"
            >
              <a
                class="nav-link custom-links"
                href="https://www.instagram.com/"
              >
                Instagram
              </a>
            </li>
            <li
              class="nav-item"
            >
              <a
                class="nav-link custom-links"
                href="https://web.facebook.com/"
              >
                Facebook
              </a>
            </li>
          </ul>
        </div>
      </div>
    </div>
    <div
      class="text-center p-3"
    >
      Â© 2024 Prest. Todos los derechos reservados.
    </div>
  </footer>
</DocumentFragment>
`;
